[    0.000000] Linux version 4.15.0-212-generic (buildd@lcy02-amd64-083) (gcc version 7.5.0 (Ubuntu 7.5.0-3ubuntu1~18.04)) #223-Ubuntu SMP Tue May 23 13:09:22 UTC 2023 (Ubuntu 4.15.0-212.223-generic 4.15.18)
[    0.000000] Command line: BOOT_IMAGE=/boot/vmlinuz-4.15.0-212-generic root=LABEL=cloudimg-rootfs ro console=tty1 console=ttyS0
[    0.000000] KERNEL supported cpus:
[    0.000000]   Intel GenuineIntel
[    0.000000]   AMD AuthenticAMD
[    0.000000]   Centaur CentaurHauls
[    0.000000] x86/fpu: x87 FPU will use FXSAVE
[    0.000000] e820: BIOS-provided physical RAM map:
[    0.000000] BIOS-e820: [mem 0x0000000000000000-0x000000000009fbff] usable
[    0.000000] BIOS-e820: [mem 0x000000000009fc00-0x000000000009ffff] reserved
[    0.000000] BIOS-e820: [mem 0x00000000000f0000-0x00000000000fffff] reserved
[    0.000000] BIOS-e820: [mem 0x0000000000100000-0x000000003ffeffff] usable
[    0.000000] BIOS-e820: [mem 0x000000003fff0000-0x000000003fffffff] ACPI data
[    0.000000] BIOS-e820: [mem 0x00000000fec00000-0x00000000fec00fff] reserved
[    0.000000] BIOS-e820: [mem 0x00000000fee00000-0x00000000fee00fff] reserved
[    0.000000] BIOS-e820: [mem 0x00000000fffc0000-0x00000000ffffffff] reserved
[    0.000000] NX (Execute Disable) protection: active
[    0.000000] SMBIOS 2.5 present.
[    0.000000] DMI: innotek GmbH VirtualBox/VirtualBox, BIOS VirtualBox 12/01/2006
[    0.000000] Hypervisor detected: KVM
[    0.000000] e820: last_pfn = 0x3fff0 max_arch_pfn = 0x400000000
[    0.000000] MTRR: Disabled
[    0.000000] x86/PAT: MTRRs disabled, skipping PAT initialization too.
[    0.000000] CPU MTRRs all blank - virtualized system.
[    0.000000] x86/PAT: Configuration [0-7]: WB  WT  UC- UC  WB  WT  UC- UC  
[    0.000000] found SMP MP-table at [mem 0x0009fff0-0x0009ffff]
[    0.000000] Scanning 1 areas for low memory corruption
[    0.000000] RAMDISK: [mem 0x359cb000-0x36cdcfff]
[    0.000000] ACPI: Early table checksum verification disabled
[    0.000000] ACPI: RSDP 0x00000000000E0000 000024 (v02 VBOX  )
[    0.000000] ACPI: XSDT 0x000000003FFF0030 00003C (v01 VBOX   VBOXXSDT 00000001 ASL  00000061)
[    0.000000] ACPI: FACP 0x000000003FFF00F0 0000F4 (v04 VBOX   VBOXFACP 00000001 ASL  00000061)
[    0.000000] ACPI: DSDT 0x000000003FFF0610 002353 (v02 VBOX   VBOXBIOS 00000002 INTL 20100528)
[    0.000000] ACPI: FACS 0x000000003FFF0200 000040
[    0.000000] ACPI: FACS 0x000000003FFF0200 000040
[    0.000000] ACPI: APIC 0x000000003FFF0240 00005C (v02 VBOX   VBOXAPIC 00000001 ASL  00000061)
[    0.000000] ACPI: SSDT 0x000000003FFF02A0 00036C (v01 VBOX   VBOXCPUT 00000002 INTL 20100528)
[    0.000000] ACPI: Reserving FACP table memory at [mem 0x3fff00f0-0x3fff01e3]
[    0.000000] ACPI: Reserving DSDT table memory at [mem 0x3fff0610-0x3fff2962]
[    0.000000] ACPI: Reserving FACS table memory at [mem 0x3fff0200-0x3fff023f]
[    0.000000] ACPI: Reserving FACS table memory at [mem 0x3fff0200-0x3fff023f]
[    0.000000] ACPI: Reserving APIC table memory at [mem 0x3fff0240-0x3fff029b]
[    0.000000] ACPI: Reserving SSDT table memory at [mem 0x3fff02a0-0x3fff060b]
[    0.000000] No NUMA configuration found
[    0.000000] Faking a node at [mem 0x0000000000000000-0x000000003ffeffff]
[    0.000000] NODE_DATA(0) allocated [mem 0x3ffc5000-0x3ffeffff]
[    0.000000] kvm-clock: cpu 0, msr 0:3ff44001, primary cpu clock
[    0.000000] kvm-clock: Using msrs 4b564d01 and 4b564d00
[    0.000000] kvm-clock: using sched offset of 4422176037 cycles
[    0.000000] clocksource: kvm-clock: mask: 0xffffffffffffffff max_cycles: 0x1cd42e4dffb, max_idle_ns: 881590591483 ns
[    0.000000] Zone ranges:
[    0.000000]   DMA      [mem 0x0000000000001000-0x0000000000ffffff]
[    0.000000]   DMA32    [mem 0x0000000001000000-0x000000003ffeffff]
[    0.000000]   Normal   empty
[    0.000000]   Device   empty
[    0.000000] Movable zone start for each node
[    0.000000] Early memory node ranges
[    0.000000]   node   0: [mem 0x0000000000001000-0x000000000009efff]
[    0.000000]   node   0: [mem 0x0000000000100000-0x000000003ffeffff]
[    0.000000] Reserved but unavailable: 104 pages
[    0.000000] Initmem setup node 0 [mem 0x0000000000001000-0x000000003ffeffff]
[    0.000000] ACPI: PM-Timer IO Port: 0x4008
[    0.000000] IOAPIC[0]: apic_id 2, version 32, address 0xfec00000, GSI 0-23
[    0.000000] ACPI: INT_SRC_OVR (bus 0 bus_irq 0 global_irq 2 dfl dfl)
[    0.000000] ACPI: INT_SRC_OVR (bus 0 bus_irq 9 global_irq 9 low level)
[    0.000000] Using ACPI (MADT) for SMP configuration information
[    0.000000] smpboot: Allowing 2 CPUs, 0 hotplug CPUs
[    0.000000] PM: Registered nosave memory: [mem 0x00000000-0x00000fff]
[    0.000000] PM: Registered nosave memory: [mem 0x0009f000-0x0009ffff]
[    0.000000] PM: Registered nosave memory: [mem 0x000a0000-0x000effff]
[    0.000000] PM: Registered nosave memory: [mem 0x000f0000-0x000fffff]
[    0.000000] e820: [mem 0x40000000-0xfebfffff] available for PCI devices
[    0.000000] Booting paravirtualized kernel on KVM
[    0.000000] clocksource: refined-jiffies: mask: 0xffffffff max_cycles: 0xffffffff, max_idle_ns: 7645519600211568 ns
[    0.000000] setup_percpu: NR_CPUS:8192 nr_cpumask_bits:2 nr_cpu_ids:2 nr_node_ids:1
[    0.000000] percpu: Embedded 50 pages/cpu s167936 r8192 d28672 u1048576
[    0.000000] PV qspinlock hash table entries: 256 (order: 0, 4096 bytes)
[    0.000000] Built 1 zonelists, mobility grouping on.  Total pages: 257913
[    0.000000] Policy zone: DMA32
[    0.000000] Kernel command line: BOOT_IMAGE=/boot/vmlinuz-4.15.0-212-generic root=LABEL=cloudimg-rootfs ro console=tty1 console=ttyS0
[    0.000000] Memory: 982644K/1048120K available (12300K kernel code, 2477K rwdata, 4324K rodata, 2480K init, 2720K bss, 65476K reserved, 0K cma-reserved)
[    0.000000] SLUB: HWalign=64, Order=0-3, MinObjects=0, CPUs=2, Nodes=1
[    0.000000] Kernel/User page tables isolation: enabled
[    0.000000] ftrace: allocating 39508 entries in 155 pages
[    0.004000] Hierarchical RCU implementation.
[    0.004000] 	RCU restricting CPUs from NR_CPUS=8192 to nr_cpu_ids=2.
[    0.004000] 	Tasks RCU enabled.
[    0.004000] RCU: Adjusting geometry for rcu_fanout_leaf=16, nr_cpu_ids=2
[    0.004000] NR_IRQS: 524544, nr_irqs: 440, preallocated irqs: 16
[    0.004000] random: crng init done
[    0.004000] Console: colour VGA+ 80x25
[    0.004000] console [tty1] enabled
[    0.004000] console [ttyS0] enabled
[    0.004000] ACPI: Core revision 20170831
[    0.004000] ACPI: 2 ACPI AML tables successfully acquired and loaded
[    0.004000] APIC: Switch to symmetric I/O mode setup
[    0.004000] ..TIMER: vector=0x30 apic1=0 pin1=2 apic2=-1 pin2=-1
[    0.004009] tsc: Detected 2712.000 MHz processor
[    0.008015] Calibrating delay loop (skipped) preset value.. 5424.00 BogoMIPS (lpj=10848000)
[    0.012011] pid_max: default: 32768 minimum: 301
[    0.020099] Security Framework initialized
[    0.024007] Yama: becoming mindful.
[    0.028160] AppArmor: AppArmor initialized
[    0.038544] Dentry cache hash table entries: 131072 (order: 8, 1048576 bytes)
[    0.045327] Inode-cache hash table entries: 65536 (order: 7, 524288 bytes)
[    0.048209] Mount-cache hash table entries: 2048 (order: 2, 16384 bytes)
[    0.052129] Mountpoint-cache hash table entries: 2048 (order: 2, 16384 bytes)
[    0.061488] Last level iTLB entries: 4KB 64, 2MB 8, 4MB 8
[    0.064010] Last level dTLB entries: 4KB 64, 2MB 0, 4MB 0, 1GB 4
[    0.068009] Spectre V1 : Mitigation: usercopy/swapgs barriers and __user pointer sanitization
[    0.072009] Spectre V2 : Mitigation: Retpolines
[    0.076008] Spectre V2 : Spectre v2 / SpectreRSB mitigation: Filling RSB on context switch
[    0.080007] Spectre V2 : Spectre v2 / SpectreRSB : Filling RSB on VMEXIT
[    0.084009] RETBleed: WARNING: Spectre v2 mitigation leaves CPU vulnerable to RETBleed attacks, data leaks possible!
[    0.088006] RETBleed: Vulnerable
[    0.092005] Speculative Store Bypass: Vulnerable
[    0.096108] MDS: Mitigation: Clear CPU buffers
[    0.100008] MMIO Stale Data: Mitigation: Clear CPU buffers
[    0.104008] SRBDS: Unknown: Dependent on hypervisor status
[    0.108213] Freeing SMP alternatives memory: 36K
[    0.227229] smpboot: CPU0: Intel(R) Core(TM) i5-7200U CPU @ 2.50GHz (family: 0x6, model: 0x8e, stepping: 0x9)
[    0.232418] Performance Events: unsupported p6 CPU model 142 no PMU driver, software events only.
[    0.236180] Hierarchical SRCU implementation.
[    0.241285] NMI watchdog: Perf event create on CPU 0 failed with -2
[    0.244008] NMI watchdog: Perf NMI watchdog permanently disabled
[    0.256194] smp: Bringing up secondary CPUs ...
[    0.264729] x86: Booting SMP configuration:
[    0.268007] .... node  #0, CPUs:      #1
[    0.004000] kvm-clock: cpu 1, msr 0:3ff44041, secondary cpu clock
[    0.288000] TSC synchronization [CPU#0 -> CPU#1]:
[    0.288000] Measured 274689 cycles TSC warp between CPUs, turning off TSC clock.
[    0.288000] tsc: Marking TSC unstable due to check_tsc_sync_source failed
[    0.292433] smp: Brought up 1 node, 2 CPUs
[    0.296010] smpboot: Max logical packages: 1
[    0.300017] smpboot: Total of 2 processors activated (10848.00 BogoMIPS)
[    0.308105] devtmpfs: initialized
[    0.312204] x86/mm: Memory block size: 128MB
[    0.316541] evm: security.selinux
[    0.320009] evm: security.SMACK64
[    0.324006] evm: security.SMACK64EXEC
[    0.328007] evm: security.SMACK64TRANSMUTE
[    0.332009] evm: security.SMACK64MMAP
[    0.336006] evm: security.apparmor
[    0.340007] evm: security.ima
[    0.344008] evm: security.capability
[    0.352622] clocksource: jiffies: mask: 0xffffffff max_cycles: 0xffffffff, max_idle_ns: 7645041785100000 ns
[    0.356021] futex hash table entries: 512 (order: 3, 32768 bytes)
[    0.360269] pinctrl core: initialized pinctrl subsystem
[    0.364726] RTC time: 21:34:31, date: 08/08/24
[    0.369486] NET: Registered protocol family 16
[    0.372161] audit: initializing netlink subsys (disabled)
[    0.380147] audit: type=2000 audit(1723152876.732:1): state=initialized audit_enabled=0 res=1
[    0.396187] cpuidle: using governor ladder
[    0.400018] cpuidle: using governor menu
[    0.404084] ACPI: bus type PCI registered
[    0.408009] acpiphp: ACPI Hot Plug PCI Controller Driver version: 0.5
[    0.412723] PCI: Using configuration type 1 for base access
[    0.424616] HugeTLB registered 2.00 MiB page size, pre-allocated 0 pages
[    0.436736] ACPI: Added _OSI(Module Device)
[    0.440010] ACPI: Added _OSI(Processor Device)
[    0.444011] ACPI: Added _OSI(3.0 _SCP Extensions)
[    0.448006] ACPI: Added _OSI(Processor Aggregator Device)
[    0.452008] ACPI: Added _OSI(Linux-Dell-Video)
[    0.456013] ACPI: Added _OSI(Linux-Lenovo-NV-HDMI-Audio)
[    0.460009] ACPI: Added _OSI(Linux-HPI-Hybrid-Graphics)
[    0.465249] ACPI: Executed 1 blocks of module-level executable AML code
[    0.474454] ACPI: Interpreter enabled
[    0.476026] ACPI: (supports S0 S5)
[    0.480007] ACPI: Using IOAPIC for interrupt routing
[    0.488782] PCI: Using host bridge windows from ACPI; if necessary, use "pci=nocrs" and report a bug
[    0.492343] ACPI: Enabled 2 GPEs in block 00 to 07
[    0.515468] ACPI: PCI Root Bridge [PCI0] (domain 0000 [bus 00-ff])
[    0.516019] acpi PNP0A03:00: _OSC: OS supports [ASPM ClockPM Segments MSI]
[    0.521344] acpi PNP0A03:00: _OSC: not requesting OS control; OS requires [ExtendedConfig ASPM ClockPM MSI]
[    0.524038] acpi PNP0A03:00: fail to add MMCONFIG information, can't access extended PCI configuration space under this bridge.
[    0.529827] PCI host bridge to bus 0000:00
[    0.532013] pci_bus 0000:00: root bus resource [io  0x0000-0x0cf7 window]
[    0.536009] pci_bus 0000:00: root bus resource [io  0x0d00-0xffff window]
[    0.540017] pci_bus 0000:00: root bus resource [mem 0x000a0000-0x000bffff window]
[    0.544018] pci_bus 0000:00: root bus resource [mem 0x40000000-0xfdffffff window]
[    0.552024] pci_bus 0000:00: root bus resource [bus 00-ff]
[    0.569481] pci 0000:00:01.1: legacy IDE quirk: reg 0x10: [io  0x01f0-0x01f7]
[    0.572010] pci 0000:00:01.1: legacy IDE quirk: reg 0x14: [io  0x03f6]
[    0.576013] pci 0000:00:01.1: legacy IDE quirk: reg 0x18: [io  0x0170-0x0177]
[    0.580017] pci 0000:00:01.1: legacy IDE quirk: reg 0x1c: [io  0x0376]
[    0.620013] pci 0000:00:07.0: quirk: [io  0x4000-0x403f] claimed by PIIX4 ACPI
[    0.624057] pci 0000:00:07.0: quirk: [io  0x4100-0x410f] claimed by PIIX4 SMB
[    0.670278] ACPI: PCI Interrupt Link [LNKA] (IRQs 5 9 10 *11)
[    0.676064] ACPI: PCI Interrupt Link [LNKB] (IRQs 5 9 *10 11)
[    0.680721] ACPI: PCI Interrupt Link [LNKC] (IRQs 5 *9 10 11)
[    0.688287] ACPI: PCI Interrupt Link [LNKD] (IRQs 5 9 10 *11)
[    0.693506] SCSI subsystem initialized
[    0.700234] pci 0000:00:02.0: vgaarb: setting as boot VGA device
[    0.704000] pci 0000:00:02.0: vgaarb: VGA device added: decodes=io+mem,owns=io+mem,locks=none
[    0.704012] pci 0000:00:02.0: vgaarb: bridge control possible
[    0.708009] vgaarb: loaded
[    0.712114] ACPI: bus type USB registered
[    0.716037] usbcore: registered new interface driver usbfs
[    0.720055] usbcore: registered new interface driver hub
[    0.724037] usbcore: registered new device driver usb
[    0.728675] EDAC MC: Ver: 3.0.0
[    0.736527] PCI: Using ACPI for IRQ routing
[    0.744077] NetLabel: Initializing
[    0.748000] NetLabel:  domain hash size = 128
[    0.748005] NetLabel:  protocols = UNLABELED CIPSOv4 CALIPSO
[    0.752029] NetLabel:  unlabeled traffic allowed by default
[    0.756308] clocksource: Switched to clocksource kvm-clock
[    0.783190] VFS: Disk quotas dquot_6.6.0
[    0.783190] VFS: Dquot-cache hash table entries: 512 (order 0, 4096 bytes)
[    0.783190] AppArmor: AppArmor Filesystem Enabled
[    0.783190] pnp: PnP ACPI init
[    0.783190] pnp: PnP ACPI: found 3 devices
[    0.954255] clocksource: acpi_pm: mask: 0xffffff max_cycles: 0xffffff, max_idle_ns: 2085701024 ns
[    0.956351] NET: Registered protocol family 2
[    0.956351] IP idents hash table entries: 16384 (order: 5, 131072 bytes)
[    0.981887] TCP established hash table entries: 8192 (order: 4, 65536 bytes)
[    0.991674] TCP bind hash table entries: 8192 (order: 5, 131072 bytes)
[    0.995252] TCP: Hash tables configured (established 8192 bind 8192)
[    0.995252] UDP hash table entries: 512 (order: 2, 16384 bytes)
[    0.995252] UDP-Lite hash table entries: 512 (order: 2, 16384 bytes)
[    0.995252] NET: Registered protocol family 1
[    0.995252] pci 0000:00:00.0: Limiting direct PCI/PCI transfers
[    0.995252] pci 0000:00:01.0: Activating ISA DMA hang workarounds
[    1.041850] pci 0000:00:02.0: Video device with shadowed ROM at [mem 0x000c0000-0x000dffff]
[    1.045566] Unpacking initramfs...
[    1.212420] Freeing initrd memory: 19528K
[    1.704823] clocksource: tsc: mask: 0xffffffffffffffff max_cycles: 0x2717868ea45, max_idle_ns: 440795316085 ns
[    1.717320] platform rtc_cmos: registered platform RTC device (no PNP device found)
[    1.728482] Scanning for low memory corruption every 60 seconds
[    1.738940] Initialise system trusted keyrings
[    1.746492] Key type blacklist registered
[    1.753763] workingset: timestamp_bits=36 max_order=18 bucket_order=0
[    1.764883] zbud: loaded
[    1.771422] squashfs: version 4.0 (2009/01/31) Phillip Lougher
[    1.780328] fuse init (API version 7.26)
[    1.818078] Key type asymmetric registered
[    1.825761] Asymmetric key parser 'x509' registered
[    1.833676] Block layer SCSI generic (bsg) driver version 0.4 loaded (major 246)
[    1.844785] io scheduler noop registered
[    1.853639] io scheduler deadline registered
[    1.862504] io scheduler cfq registered (default)
[    1.873780] ACPI: AC Adapter [AC] (on-line)
[    1.880917] input: Power Button as /devices/LNXSYSTM:00/LNXPWRBN:00/input/input0
[    1.896603] ACPI: Power Button [PWRF]
[    1.903745] input: Sleep Button as /devices/LNXSYSTM:00/LNXSLPBN:00/input/input1
[    1.916843] ACPI: Sleep Button [SLPF]
[    1.925120] Serial: 8250/16550 driver, 32 ports, IRQ sharing enabled
[    1.927494] ACPI: Battery Slot [BAT0] (battery present)
[    1.984779] 00:02: ttyS0 at I/O 0x3f8 (irq = 4, base_baud = 115200) is a 16550A
[    2.004755] Linux agpgart interface v0.103
[    2.023409] loop: module loaded
[    2.033576] scsi host0: ata_piix
[    2.042541] scsi host1: ata_piix
[    2.048448] ata1: PATA max UDMA/33 cmd 0x1f0 ctl 0x3f6 bmdma 0xd000 irq 14
[    2.059325] ata2: PATA max UDMA/33 cmd 0x170 ctl 0x376 bmdma 0xd008 irq 15
[    2.079456] tun: Universal TUN/TAP device driver, 1.6
[    2.089560] PPP generic driver version 2.4.2
[    2.099979] ehci_hcd: USB 2.0 'Enhanced' Host Controller (EHCI) Driver
[    2.110491] ehci-pci: EHCI PCI platform driver
[    2.118011] ehci-platform: EHCI generic platform driver
[    2.121840] ohci_hcd: USB 1.1 'Open' Host Controller (OHCI) Driver
[    2.121840] ohci-pci: OHCI PCI platform driver
[    2.121840] ohci-platform: OHCI generic platform driver
[    2.121840] uhci_hcd: USB Universal Host Controller Interface driver
[    2.121840] i8042: PNP: PS/2 Controller [PNP0303:PS2K,PNP0f03:PS2M] at 0x60,0x64 irq 1,12
[    2.121840] serio: i8042 KBD port at 0x60,0x64 irq 1
[    2.121840] serio: i8042 AUX port at 0x60,0x64 irq 12
[    2.197409] mousedev: PS/2 mouse device common for all mice
[    2.212925] rtc_cmos rtc_cmos: rtc core: registered rtc_cmos as rtc0
[    2.225807] rtc_cmos rtc_cmos: alarms up to one day, 114 bytes nvram
[    2.237404] i2c /dev entries driver
[    2.244368] device-mapper: uevent: version 1.0.3
[    2.278078] input: AT Translated Set 2 keyboard as /devices/platform/i8042/serio0/input/input2
[    2.295011] device-mapper: ioctl: 4.37.0-ioctl (2017-09-20) initialised: dm-devel@redhat.com
[    2.323767] ledtrig-cpu: registered to indicate activity on CPUs
[    2.337806] NET: Registered protocol family 10
[    2.363807] Segment Routing with IPv6
[    2.369090] NET: Registered protocol family 17
[    2.376920] Key type dns_resolver registered
[    2.384777] mce: Using 0 MCE banks
[    2.389863] RAS: Correctable Errors collector initialized.
[    2.397631] sched_clock: Marking stable (2397528917, 0)->(3912096282, -1514567365)
[    2.414537] registered taskstats version 1
[    2.420855] Loading compiled-in X.509 certificates
[    2.436163] Loaded X.509 cert 'Build time autogenerated kernel key: b5b26778eaa3ab3a4a6cee031137706e947d12ad'
[    2.452796] Loaded X.509 cert 'Canonical Ltd. Live Patch Signing: 14df34d1a87cf37625abec039ef2bf521249b969'
[    2.467842] Loaded X.509 cert 'Canonical Ltd. Kernel Module Signing: 88f752e560a1e0737e31163a466ad7b70a850c19'
[    2.483796] blacklist: Loading compiled-in revocation X.509 certificates
[    2.492448] Loaded X.509 cert 'Canonical Ltd. Secure Boot Signing: 61482aa2830d0ab2ad5af10b7250da9033ddcef0'
[    2.509940] Loaded X.509 cert 'Canonical Ltd. Secure Boot Signing (2017): 242ade75ac4a15e50d50c84b0d45ff3eae707a03'
[    2.528310] Loaded X.509 cert 'Canonical Ltd. Secure Boot Signing (ESM 2018): 365188c1d374d6b07c3c8f240f8ef722433d6a8b'
[    2.548869] Loaded X.509 cert 'Canonical Ltd. Secure Boot Signing (2019): c0746fd6c5da3ae827864651ad66ae47fe24b3e8'
[    2.565287] Loaded X.509 cert 'Canonical Ltd. Secure Boot Signing (2021 v1): a8d54bbb3825cfb94fa13c9f8a594a195c107b8d'
[    2.585598] Loaded X.509 cert 'Canonical Ltd. Secure Boot Signing (2021 v2): 4cf046892d6fd3c9a5b03f98d845f90851dc6a8c'
[    2.600404] Loaded X.509 cert 'Canonical Ltd. Secure Boot Signing (2021 v3): 100437bb6de6e469b581e61cd66bce3ef4ed53af'
[    2.613399] Loaded X.509 cert 'Canonical Ltd. Secure Boot Signing (Ubuntu Core 2019): c1d57b8f6b743f23ee41f4f7ee292f06eecadfb9'
[    2.627066] zswap: loaded using pool lzo/zbud
[    2.648401] Key type big_key registered
[    2.653240] Key type trusted registered
[    2.663460] Key type encrypted registered
[    2.668616] AppArmor: AppArmor sha1 policy hashing enabled
[    2.675408] ima: No TPM chip found, activating TPM-bypass! (rc=-19)
[    2.682892] ima: Allocated hash algorithm: sha1
[    2.689272] evm: HMAC attrs: 0x1
[    2.694693]   Magic number: 4:870:600
[    2.700268] rtc_cmos rtc_cmos: setting system clock to 2024-08-08 21:34:34 UTC (1723152874)
[    2.710633] BIOS EDD facility v0.16 2004-Jun-25, 0 devices found
[    2.717743] EDD information not available.
[    2.727624] Freeing unused kernel image memory: 2480K
[    2.752642] Write protecting the kernel read-only data: 20480k
[    2.766541] Freeing unused kernel image memory: 2008K
[    2.778368] Freeing unused kernel image memory: 1820K
[    2.796381] x86/mm: Checked W+X mappings: passed, no W+X pages found.
[    2.805516] x86/mm: Checking user space page tables
[    2.824821] x86/mm: Checked W+X mappings: passed, no W+X pages found.
Loading, please wait...
starting version 237
[    3.003645] Fusion MPT base driver 3.04.20
[    3.009816] Copyright (c) 1999-2008 LSI Corporation
[    3.020197] e1000: Intel(R) PRO/1000 Network Driver - version 7.3.21-k8-NAPI
[    3.030507] e1000: Copyright (c) 1999-2006 Intel Corporation.
[    3.105926] SSE version of gcm_enc/dec engaged.
[    3.272487] Fusion MPT SPI Host driver 3.04.20
[    3.405717] input: ImExPS/2 Generic Explorer Mouse as /devices/platform/i8042/serio1/input/input4
[    4.270303] e1000 0000:00:03.0 eth0: (PCI:33MHz:32-bit) 02:3b:7b:b7:3b:2d
[    4.278135] e1000 0000:00:03.0 eth0: Intel(R) PRO/1000 Network Connection
[    4.292982] mptbase: ioc0: Initiating bringup
[    4.968716] ioc0: LSI53C1030 A0: Capabilities={Initiator}
[    5.418125] scsi host2: ioc0: LSI53C1030 A0, FwRev=00000000h, Ports=1, MaxQ=256, IRQ=20
[    5.737452] scsi 2:0:0:0: Direct-Access     VBOX     HARDDISK         1.0  PQ: 0 ANSI: 5
[    5.828338] scsi target2:0:0: Beginning Domain Validation
[    5.904890] scsi target2:0:0: Domain Validation skipping write tests
[    5.914379] scsi target2:0:0: Ending Domain Validation
[    5.922358] scsi target2:0:0: asynchronous
[    5.933106] scsi 2:0:1:0: Direct-Access     VBOX     HARDDISK         1.0  PQ: 0 ANSI: 5
[    6.220180] scsi target2:0:1: Beginning Domain Validation
[    6.235255] scsi target2:0:1: Domain Validation skipping write tests
[    6.243996] scsi target2:0:1: Ending Domain Validation
[    6.252053] scsi target2:0:1: asynchronous
[    6.276782] sd 2:0:0:0: [sda] 83886080 512-byte logical blocks: (42.9 GB/40.0 GiB)
[    6.289049] sd 2:0:0:0: Attached scsi generic sg0 type 0
[    6.298708] sd 2:0:0:0: [sda] Write Protect is off
[    6.306687] sd 2:0:1:0: Attached scsi generic sg1 type 0
[    6.315518] sd 2:0:0:0: [sda] Incomplete mode parameter data
[    6.325026] sd 2:0:0:0: [sda] Assuming drive cache: write through
[    6.343628]  sda: sda1
[    6.349954] sd 2:0:1:0: [sdb] 20480 512-byte logical blocks: (10.5 MB/10.0 MiB)
[    6.363729] sd 2:0:1:0: [sdb] Write Protect is off
[    6.364618] sd 2:0:0:0: [sda] Attached SCSI disk
[    6.380395] sd 2:0:1:0: [sdb] Incomplete mode parameter data
[    6.391217] sd 2:0:1:0: [sdb] Assuming drive cache: write through
[    6.418416] sd 2:0:1:0: [sdb] Attached SCSI disk
[    6.738803] e1000 0000:00:08.0 eth1: (PCI:33MHz:32-bit) 08:00:27:0f:cd:e2
[    6.748533] e1000 0000:00:08.0 eth1: Intel(R) PRO/1000 Network Connection
[    6.761638] e1000 0000:00:03.0 enp0s3: renamed from eth0
[    6.781356] e1000 0000:00:08.0 enp0s8: renamed from eth1
Begin: Loading essential drivers ... [    9.876274] raid6: sse2x1   gen()  8895 MB/s
[    9.928716] raid6: sse2x1   xor()  5807 MB/s
[    9.984646] raid6: sse2x2   gen()  8935 MB/s
[   10.036324] raid6: sse2x2   xor()  6436 MB/s
[   10.092221] raid6: sse2x4   gen() 11432 MB/s
[   10.145237] raid6: sse2x4   xor()  8716 MB/s
[   10.150598] raid6: using algorithm sse2x4 gen() 11432 MB/s
[   10.157519] raid6: .... xor() 8716 MB/s, rmw enabled
[   10.164932] raid6: using ssse3x2 recovery algorithm
[   10.176271] xor: measuring software checksum speed
[   10.220747]    prefetch64-sse: 15989.000 MB/sec
[   10.268117]    generic_sse: 14674.000 MB/sec
[   10.274299] xor: using function: prefetch64-sse (15989.000 MB/sec)
[   10.287045] async_tx: api initialized (async)
done.
Begin: Running /scripts/init-premount ... done.
Begin: Mounting root file system ... Begin: Running /scripts/local-top ... done.
Begin: Running /scripts/local-premount ... [   10.385406] Btrfs loaded, crc32c=crc32c-intel
Scanning for Btrfs filesystems
done.
Warning: fsck not present, so skipping root file system
[   10.462367] EXT4-fs (sda1): mounted filesystem with ordered data mode. Opts: (null)
done.
Begin: Running /scripts/local-bottom ... done.
Begin: Running /scripts/init-bottom ... done.
[   10.823829] ip_tables: (C) 2000-2006 Netfilter Core Team
[   10.859963] systemd[1]: systemd 237 running in system mode. (+PAM +AUDIT +SELINUX +IMA +APPARMOR +SMACK +SYSVINIT +UTMP +LIBCRYPTSETUP +GCRYPT +GNUTLS +ACL +XZ +LZ4 +SECCOMP +BLKID +ELFUTILS +KMOD -IDN2 +IDN -PCRE2 default-hierarchy=hybrid)
[   10.883473] systemd[1]: Detected virtualization oracle.
[   10.890513] systemd[1]: Detected architecture x86-64.

Welcome to [1mUbuntu 18.04.6 LTS[0m!

[   10.938663] systemd[1]: Set hostname to <ubuntu>.
[   10.953270] systemd[1]: Initializing machine ID from random generator.
[   10.960924] systemd[1]: Installed transient /etc/machine-id file.
[   11.471320] systemd[1]: Started Forward Password Requests to Wall Directory Watch.
[[0;32m  OK  [0m] Started Forward Password Requests to Wall Directory Watch.
[   11.486045] systemd[1]: Reached target System Time Synchronized.
[[0;32m  OK  [0m] Reached target System Time Synchronized.
[   11.497419] systemd[1]: Set up automount Arbitrary Executable File Formats File System Automount Point.
[[0;32m  OK  [0m] Set up automount Arbitrary Executabâ€¦rmats File System Automount Point.
[   11.516876] systemd[1]: Reached target Swap.
[[0;32m  OK  [0m] Reached target Swap.
[[0;32m  OK  [0m] Reached target User and Group Name Lookups.
[[0;32m  OK  [0m] Created slice System Slice.
[[0;32m  OK  [0m] Listening on LVM2 metadata daemon socket.
[[0;32m  OK  [0m] Created slice system-serial\x2dgetty.slice.
[[0;32m  OK  [0m] Listening on fsck to fsckd communication Socket.
[[0;32m  OK  [0m] Listening on udev Control Socket.
[[0;32m  OK  [0m] Listening on LVM2 poll daemon socket.
[[0;32m  OK  [0m] Listening on Journal Socket.
         Starting Set the console keyboard layout...
         Starting File System Check on Root Device...
[[0;32m  OK  [0m] Listening on udev Kernel Socket.
         Mounting Kernel Debug File System...
         Mounting POSIX Message Queue File System...
[[0;32m  OK  [0m] Listening on Journal Audit Socket.
[[0;32m  OK  [0m] Listening on Network Service Netlink Socket.
         Starting Uncomplicated firewall...
[[0;32m  OK  [0m] Listening on Device-mapper event daemon FIFOs.
         Starting Monitoring of LVM2 mirrorsâ€¦ng dmeventd or progress polling...
[[0;32m  OK  [0m] Listening on Journal Socket (/dev/log).
         Mounting Huge Pages File System...
[[0;32m  OK  [0m] Listening on /dev/initctl Compatibility Named Pipe.
         Starting udev Coldplug all Devices...
[[0;32m  OK  [0m] Reached target Mounting snaps.
[[0;32m  OK  [0m] Reached target Mounted snaps.
[[0;32m  OK  [0m] Listening on Syslog Socket.
         Starting Journal Service...
         Starting Load Kernel Modules...
[[0;32m  OK  [0m] Created slice User and Session Slice.
[[0;32m  OK  [0m] Reached target Slices.
         Starting Create list of required stâ€¦ce nodes for the current kernel...
[[0;32m  OK  [0m] Started File System Check on Root Device.
[[0;32m  OK  [0m] Mounted Kernel Debug File System.
[[0;32m  OK  [0m] Mounted POSIX Message Queue File System.
[[0;32m  OK  [0m] Started Uncomplicated firewall.
[[0;32m  OK  [0m] Mounted Huge Pages File System.
[   11.853841] Loading iSCSI transport class v2.0-870.
[[0;32m  OK  [0m] Started Create list of required staâ€¦vice nodes for the current kernel.
[[0;32m  OK  [0m] Started File System Check Daemon to report status.
[   11.894574] iscsi: registered transport (tcp)
[[0;32m  OK  [0m] Started LVM2 metadata daemon.
         Starting Create Static Device Nodes in /dev...
         Starting Remount Root and Kernel File Systems...
[[0;32m  OK  [0m] Started Journal Service.
[[0;32m  OK  [0m] Started udev Coldplug all Devices.
[[0;32m  OK  [0m] Started Create Static Device Nodes in /dev.
[   12.047753] EXT4-fs (sda1): re-mounted. Opts: (null)
[[0;32m  OK  [0m] Started Remount Root and Kernel File Systems.
         Starting Load/Save Random Seed...
         Starting udev Kernel Device Manager...
         Starting Flush Journal to Persistent Storage...
[[0;32m  OK  [0m] Started Monitoring of LVM2 mirrors,â€¦sing dmeventd or progress polling.
[[0;32m  OK  [0m] Started Load/Save Random Seed.
[   12.135819] systemd-journald[407]: Received request to flush runtime journal from PID 1
[[0;32m  OK  [0m] Started udev Kernel Device Manager.
[   12.232355] iscsi: registered transport (iser)
[[0;32m  OK  [0m] Started Load Kernel Modules.
         Mounting Kernel Configuration File System...
         Starting Apply Kernel Variables...
         Mounting FUSE Control File System...
[[0;32m  OK  [0m] Mounted Kernel Configuration File System.
[[0;32m  OK  [0m] Started Flush Journal to Persistent Storage.
[[0;32m  OK  [0m] Mounted FUSE Control File System.
[[0;32m  OK  [0m] Started Apply Kernel Variables.
[[0;32m  OK  [0m] Found device /dev/ttyS0.
[[0;32m  OK  [0m] Listening on Load/Save RF Kill Switch Status /dev/rfkill Watch.
[[0;32m  OK  [0m] Started Set the console keyboard layout.
[[0;32m  OK  [0m] Reached target Local File Systems (Pre).
[[0;32m  OK  [0m] Reached target Local File Systems.
         Starting Create Volatile Files and Directories...
         Starting Set console font and keymap...
         Starting Commit a transient machine-id on disk...
         Starting AppArmor initialization...
         Starting ebtables ruleset management...
         Starting Tell Plymouth To Write Out Runtime Data...
[[0;32m  OK  [0m] Started Dispatch Password Requests to Console Directory Watch.
[[0;32m  OK  [0m] Reached target Local Encrypted Volumes.
[[0;32m  OK  [0m] Started Create Volatile Files and Directories.
         Starting Update UTMP about System Boot/Shutdown...
[[0;32m  OK  [0m] Started Tell Plymouth To Write Out Runtime Data.
[[0;32m  OK  [0m] Started Update UTMP about System Boot/Shutdown.
[[0;32m  OK  [0m] Started Commit a transient machine-id on disk.
         Mounting Arbitrary Executable File Formats File System...
[[0;32m  OK  [0m] Mounted Arbitrary Executable File Formats File System.
[[0;32m  OK  [0m] Started ebtables ruleset management.
[[0;32m  OK  [0m] Started AppArmor initialization.
         Starting Initial cloud-init job (pre-networking)...
         Starting Load AppArmor profiles managed internally by snapd...
[[0;32m  OK  [0m] Started Load AppArmor profiles managed internally by snapd.
[[0;32m  OK  [0m] Started Set console font and keymap.
[   18.626018] cloud-init[748]: Cloud-init v. 23.1.2-0ubuntu0~18.04.1 running 'init-local' at Thu, 08 Aug 2024 21:34:49 +0000. Up 18.04 seconds.
[[0;32m  OK  [0m] Started Initial cloud-init job (pre-networking).
[[0;32m  OK  [0m] Reached target Network (Pre).
         Starting Network Service...
[[0;32m  OK  [0m] Started Network Service.
         Starting Wait for Network to be Configured...
         Starting Network Name Resolution...
[[0;32m  OK  [0m] Started Network Name Resolution.
[[0;32m  OK  [0m] Reached target Host and Network Name Lookups.
[[0;32m  OK  [0m] Reached target Network.
[[0;32m  OK  [0m] Started Wait for Network to be Configured.
         Starting Initial cloud-init job (metadata service crawler)...
[   21.500823] cloud-init[922]: Cloud-init v. 23.1.2-0ubuntu0~18.04.1 running 'init' at Thu, 08 Aug 2024 21:34:53 +0000. Up 21.26 seconds.
[   21.513647] cloud-init[922]: ci-info: ++++++++++++++++++++++++++++++++++++++Net device info+++++++++++++++++++++++++++++++++++++++
[   21.521987] cloud-init[922]: ci-info: +--------+-------+----------------------------+---------------+--------+-------------------+
[   21.529316] cloud-init[922]: ci-info: | Device |   Up  |          Address           |      Mask     | Scope  |     Hw-Address    |
[   21.537648] cloud-init[922]: ci-info: +--------+-------+----------------------------+---------------+--------+-------------------+
[   21.545383] cloud-init[922]: ci-info: | enp0s3 |  True |         10.0.2.15          | 255.255.255.0 | global | 02:3b:7b:b7:3b:2d |
[   21.552492] cloud-init[922]: ci-info: | enp0s3 |  True | fe80::3b:7bff:feb7:3b2d/64 |       .       |  link  | 02:3b:7b:b7:3b:2d |
[   21.559031] cloud-init[922]: ci-info: | enp0s8 | False |             .              |       .       |   .    | 08:00:27:0f:cd:e2 |
[   21.565579] cloud-init[922]: ci-info: |   lo   |  True |         127.0.0.1          |   255.0.0.0   |  host  |         .         |
[   21.572848] cloud-init[922]: ci-info: |   lo   |  True |          ::1/128           |       .       |  host  |         .         |
[   21.585062] cloud-init[922]: ci-info: +--------+-------+----------------------------+---------------+--------+-------------------+
[   21.595812] cloud-init[922]: ci-info: ++++++++++++++++++++++++++++Route IPv4 info+++++++++++++++++++++++++++++
[   21.606589] cloud-init[922]: ci-info: +-------+-------------+----------+-----------------+-----------+-------+
[   21.622156] cloud-init[922]: ci-info: | Route | Destination | Gateway  |     Genmask     | Interface | Flags |
[   21.633869] cloud-init[922]: ci-info: +-------+-------------+----------+-----------------+-----------+-------+
[   21.644666] cloud-init[922]: ci-info: |   0   |   0.0.0.0   | 10.0.2.2 |     0.0.0.0     |   enp0s3  |   UG  |
[   21.660002] cloud-init[922]: ci-info: |   1   |   10.0.2.0  | 0.0.0.0  |  255.255.255.0  |   enp0s3  |   U   |
[   21.670568] cloud-init[922]: ci-info: |   2   |   10.0.2.2  | 0.0.0.0  | 255.255.255.255 |   enp0s3  |   UH  |
[   21.680603] cloud-init[922]: ci-info: +-------+-------------+----------+-----------------+-----------+-------+
[   21.690867] cloud-init[922]: ci-info: +++++++++++++++++++Route IPv6 info+++++++++++++++++++
[   21.700192] cloud-init[922]: ci-info: +-------+-------------+---------+-----------+-------+
[   21.710465] cloud-init[922]: ci-info: | Route | Destination | Gateway | Interface | Flags |
[   21.720688] cloud-init[922]: ci-info: +-------+-------------+---------+-----------+-------+
[   21.730152] cloud-init[922]: ci-info: |   1   |  fe80::/64  |    ::   |   enp0s3  |   U   |
[   21.740749] cloud-init[922]: ci-info: |   3   |    local    |    ::   |   enp0s3  |   U   |
[   21.750205] cloud-init[922]: ci-info: |   4   |   ff00::/8  |    ::   |   enp0s3  |   U   |
[   21.760035] cloud-init[922]: ci-info: +-------+-------------+---------+-----------+-------+
[   23.382813] cloud-init[922]: Generating public/private rsa key pair.
[   23.394698] cloud-init[922]: Your identification has been saved in /etc/ssh/ssh_host_rsa_key.
[   23.404995] cloud-init[922]: Your public key has been saved in /etc/ssh/ssh_host_rsa_key.pub.
[   23.414232] cloud-init[922]: The key fingerprint is:
[   23.422271] cloud-init[922]: SHA256:ar3R74RDgZVnkDGU8HDNeczOouxCM9sdKuSB2SbgfEI root@ubuntu-bionic
[   23.431040] cloud-init[922]: The key's randomart image is:
[   23.439924] cloud-init[922]: +---[RSA 2048]----+
[   23.446618] cloud-init[922]: |        ooBO +   |
[   23.453265] cloud-init[922]: |         *+.* +  |
[   23.460220] cloud-init[922]: |        . oo +   |
[   23.467674] cloud-init[922]: |    E      .. o  |
[[0;32m  OK  [0m[   23.475687] cloud-init[922]: |   + . +S... .   |
[   23.478262] cloud-init[922]: |    + =oOoo..    |
[   23.479193] cloud-init[922]: |     oo*oB+o..   |
[   23.481513] cloud-init[922]: |     .  =o++.    |
[   23.482121] cloud-init[922]: |        .o .o    |
[   23.482673] cloud-init[922]: +----[SHA256]-----+
[   23.484074] cloud-init[922]: Generating public/private dsa key pair.
[   23.485419] cloud-init[922]: Your identification has been saved in /etc/ssh/ssh_host_dsa_key.
[   23.486142] cloud-init[922]: Your public key has been saved in /etc/ssh/ssh_host_dsa_key.pub.
[   23.486774] cloud-init[922]: The key fingerprint is:
[   23.487506] cloud-init[922]: SHA256:nt3kh3e1IWmeMZ6bWKga8OljpY0URhcCW1ds2JqhLrc root@ubuntu-bionic
[   23.489252] cloud-init[922]: The key's randomart image is:
[   23.489796] cloud-init[922]: +---[DSA 1024]----+
[   23.493214] cloud-init[922]: |     ..o o*.     |
[   23.493761] cloud-init[922]: |      o.o+ +     |
[   23.494353] cloud-init[922]: |     .. o =      |
[   23.495038] cloud-init[922]: |       + o    .  |
[   23.495703] cloud-init[922]: |     .o S   .* ..|
[   23.497331] cloud-init[922]: |     .o=.+ +=.* +|
[   23.497937] cloud-init[922]: |      ++O ..+*o..|
[   23.498602] cloud-init[922]: |      .E... ooo. |
[   23.500502] cloud-init[922]: |      .oo. . o   |
[   23.500854] cloud-init[922]: +----[SHA256]-----+
[   23.501521] cloud-init[922]: Generating public/private ecdsa key pair.
[   23.502186] cloud-init[922]: Your identification has been saved in /etc/ssh/ssh_host_ecdsa_key.
[   23.502841] cloud-init[922]: Your public key has been saved in /etc/ssh/ssh_host_ecdsa_key.pub.
[   23.506258] cloud-init[922]: The key fingerprint is:
[   23.506889] cloud-init[922]: SHA256:K998ro/AsIQyI39EXn7ZLVeLcc9I23EXVGkigHOC1pM root@ubuntu-bionic
[   23.507578] cloud-init[922]: The key's randomart image is:
[   23.509047] cloud-init[922]: +---[ECDSA 256]---+
[   23.509740] cloud-init[922]: |      o o..   .o+|
[   23.511148] cloud-init[922]: |     o E . . . o.|
[   23.511562] cloud-init[922]: |    o . =   o *.o|
[   23.512088] cloud-init[922]: |   o +   o . * B+|
[   23.512747] cloud-init[922]: |. + + + S o + + +|
[   23.513218] cloud-init[922]: | o = . = . o     |
[   23.514637] cloud-init[922]: |  . . o +        |
[   23.515103] cloud-init[922]: |   .   o + ..    |
[   23.515593] cloud-init[922]: |        . ==o    |
[   23.516405] cloud-init[922]: +----[SHA256]-----+
[   23.516742] cloud-init[922]: Generating public/private ed25519 key pair.
[   23.517214] cloud-init[922]: Your identification has been saved in /etc/ssh/ssh_host_ed25519_key.
[   23.517725] cloud-init[922]: Your public key has been saved in /etc/ssh/ssh_host_ed25519_key.pub.
[   23.518195] cloud-init[922]: The key fingerprint is:
[   23.518277] cloud-init[922]: SHA256:Qmb8BF2RUU7TBb36iETkiGcNfRMT5fGX2XkYZRSVxXQ root@ubuntu-bionic
[   23.518356] cloud-init[922]: The key's randomart image is:
[   23.518432] cloud-init[922]: +--[ED25519 256]--+
[   23.518507] ] Started Initial cloud-init job (metadata service crawler).
cloud-init[922]: |      .. .==+=*%E|
[   23.616978] cloud-init[922]: |     . ....= ++=@|
[   23.622963] cloud-init[922]: |      = o * o o=*|
[   23.625482] cloud-init[922]: |     + + + +   .o|
[   23.627647] cloud-init[922]: |      . S .   .  |
[[0;32m  OK  [0m] Reached target System Initialization.
[[0;32m  OK  [0m] Started Ubuntu Advantage Timer for running repeated jobs.
[[0;32m  OK  [0m] Started Message of the Day.
[   23.638883] cloud-init[922]:          Starting Socket activation for snappy daemon.
         Starting LXD - unix socket.
[[0;32m  OK  [0m] Listening on UUID daemon activation socket.
[[0;32m  OK  [0m] Started Daily Cleanup of Temporary Directories.
[[0;32m  OK  [0m] Listening on D-Bus System Message Bus Socket.
[[0;32m  OK  [0m] Listening on Open-iSCSI iscsid Socket.
[[0;32m  OK  [0m] Started ACPI Events Check.
[[0;32m  OK  [0m] Reached target Paths.
[[0;32m  OK  [0m] Started Daily apt download activities.
[[0;32m  OK  [0m] Started Daily apt upgrade and clean activities.
[[0;32m  OK  [0m] Started Discard unused blocks once a week.
[[0;32m  OK  [0m] Listening on ACPID Listen Socket.
[[0;32m  OK  [0m] Reached target Timers.
[[0;32m  OK  [0m] Listening on cloud-init hotplug hook socket.
[[0;32m  OK  [0m] Reached target Cloud-config availability.
[[0;32m  OK  [0m] Reached target Network is Online.
         Starting Availability of block devices...
[[0;32m  OK  [0m] Reached target Remote File Systems (Pre).
[[0;32m  OK  [0m] Reached target Remote File Systems.
[[0;32m  OK  [0m] Listening on Socket activation for snappy daemon.
[[0;32m  OK  [0m] Listening on LXD - unix socket.
[[0;32m  OK  [0m] Started Availability of block devices.
[[0;32m  OK  [0m] Reached target Sockets.
[[0;32m  OK  [0m] Reached target Basic System.
[[0;32m  OK  [0m] Started D-Bus System Message Bus.
|       .   . .   |
[   23.721006] cloud-init[922]: |          . . o  |
[   23.724526] cloud-init[922]: |           . . . |
[   23.728165] cloud-init[922]: |                 |
[   23.732608] cloud-init[922]: +----[SHA256]-----+
[[0;32m  OK  [0m] Reached target Login Prompts (Pre).
         Starting Accounts Service...
         Starting Pollinate to seed the pseudo random number generator...
         Starting LSB: automatic crash report generation...
[[0;32m  OK  [0m] Started irqbalance daemon.
         Starting Virtualbox guest utils...
[[0;32m  OK  [0m] Started FUSE filesystem for LXC.
         Starting Permit User Sessions...
[[0;32m  OK  [0m] Started Regular background program processing daemon.
         Starting Dispatcher daemon for systemd-networkd...
         Starting LSB: Record successful boot for GRUB...
         Starting LXD - container startup/shutdown...
         Starting System Logging Service...
[[0;32m  OK  [0m] Started Deferred execution scheduler.
         Starting Login Service...
         Starting Snap Daemon...
[[0;32m  OK  [0m] Started Permit User Sessions.
         Starting Authorization Manager...
         Starting Terminate Plymouth Boot Screen...
         Starting Hold until boot process finishes up...
[[0;32m  OK  [0m] Started Terminate Plymouth Boot Screen.
[[0;32m  OK  [0m] Started Hold until boot process finishes up.
[[0;32m  OK  [0m] Started Serial Getty on ttyS0.
         Starting Set console scheme...
[[0;32m  OK  [0m] Started LSB: automatic crash report generation.
[[0;32m  OK  [0m] Started Login Service.
[[0;32m  OK  [0m] Started Unattended Upgrades Shutdown.
[[0;32m  OK  [0m] Started LSB: Record successful boot for GRUB.
[[0;32m  OK  [0m] Started Authorization Manager.
[[0;32m  OK  [0m] Started Accounts Service.
[[0;32m  OK  [0m] Started Set console scheme.
[[0;32m  OK  [0m] Created slice system-getty.slice.
[[0;32m  OK  [0m] Started Getty on tty1.
[[0;32m  OK  [0m] Reached target Login Prompts.
[[0;32m  OK  [0m] Started System Logging Service.
[[0;32m  OK  [0m] Started Virtualbox guest utils.
[[0;32m  OK  [0m] Started Dispatcher daemon for systemd-networkd.
[[0;32m  OK  [0m] Started LXD - container startup/shutdown.
[[0;32m  OK  [0m] Started Snap Daemon.
         Starting Wait until snapd is fully seeded...
[[0;32m  OK  [0m] Started Pollinate to seed the pseudo random number generator.
         Starting OpenBSD Secure Shell server...
[[0;32m  OK  [0m] Started OpenBSD Secure Shell server.
[[0;32m  OK  [0m] Created slice User Slice of vagrant.
         Starting User Manager for UID 1000...
[[0;32m  OK  [0m] Started Session 1 of user vagrant.
[[0;32m  OK  [0m] Started User Manager for UID 1000.
         Starting Time & Date Service...
[[0;32m  OK  [0m] Started Time & Date Service.

Ubuntu 18.04.6 LTS ubuntu-bionic ttyS0

ubuntu-bionic login: [   40.998250] cloud-init[1827]: Cloud-init v. 23.1.2-0ubuntu0~18.04.1 running 'modules:config' at Thu, 08 Aug 2024 21:35:11 +0000. Up 39.79 seconds.
ci-info: no authorized SSH keys fingerprints found for user ubuntu.
<14>Aug  8 21:35:14 cloud-init: #############################################################
<14>Aug  8 21:35:14 cloud-init: -----BEGIN SSH HOST KEY FINGERPRINTS-----
<14>Aug  8 21:35:14 cloud-init: 1024 SHA256:nt3kh3e1IWmeMZ6bWKga8OljpY0URhcCW1ds2JqhLrc root@ubuntu-bionic (DSA)
<14>Aug  8 21:35:14 cloud-init: 256 SHA256:K998ro/AsIQyI39EXn7ZLVeLcc9I23EXVGkigHOC1pM root@ubuntu-bionic (ECDSA)
<14>Aug  8 21:35:14 cloud-init: 256 SHA256:Qmb8BF2RUU7TBb36iETkiGcNfRMT5fGX2XkYZRSVxXQ root@ubuntu-bionic (ED25519)
<14>Aug  8 21:35:14 cloud-init: 2048 SHA256:ar3R74RDgZVnkDGU8HDNeczOouxCM9sdKuSB2SbgfEI root@ubuntu-bionic (RSA)
<14>Aug  8 21:35:14 cloud-init: -----END SSH HOST KEY FINGERPRINTS-----
<14>Aug  8 21:35:14 cloud-init: #############################################################
-----BEGIN SSH HOST KEY KEYS-----
ecdsa-sha2-nistp256 AAAAE2VjZHNhLXNoYTItbmlzdHAyNTYAAAAIbmlzdHAyNTYAAABBBKjPFkXQG+vw5tN3HewQQCcu+6vdrx/3xlEVdXPtqTKQAfsuozjnGAsct0j3dRZkrOubnQR4tV/VEWru9jASsUE= root@ubuntu-bionic
ssh-ed25519 AAAAC3NzaC1lZDI1NTE5AAAAIOg6xdlGBk4eDykQs/BRZFxGfpH8czJhKkqPh6kGoLYZ root@ubuntu-bionic
ssh-rsa AAAAB3NzaC1yc2EAAAADAQABAAABAQDD5zXkiC3hCf1iPR3+Bmm6fSler/8IFTolyei+xjO7Juh2Y3+ubejq1owMwgtx/BE1jK2IwozkdGNBmMDNtOIR49TpPVC+ywZrEf9IPFhPS3F39oQsm+Tm4x2Wt5HlCLMi1NLvpNdzTi8MqJXMnjJNGZQoiemnw5K35U/v9vjDCAbNm0J2G2Lhwux2Z9703edOIndwot+NXTD9xy0lruXny2xYMn0NPFR2dYa2QevG1rxgopKKxiiie9haIALKqyC62oljqCQGOlLh4DA7BsleuNW/UovglIIxHE93y/qxXBK1NCHxi5QMZwEs1sql/JEac0EDxTMe+KVlq5sRX4sJ root@ubuntu-bionic
-----END SSH HOST KEY KEYS-----
[   42.583954] cloud-init[1978]: Cloud-init v. 23.1.2-0ubuntu0~18.04.1 running 'modules:final' at Thu, 08 Aug 2024 21:35:13 +0000. Up 42.11 seconds.
[   42.604916] cloud-init[1978]: Cloud-init v. 23.1.2-0ubuntu0~18.04.1 finished at Thu, 08 Aug 2024 21:35:14 +0000. Datasource DataSourceNoCloud [seed=/dev/sdb][dsmode=net].  Up 42.52 seconds
